1 1	key_word  	"var"
2 2	identifier	"i"
2 3	separator 	":"
2 5	key_word  	"integer"
2 12	separator 	";"
3 1	key_word  	"begin"
4 2	key_word  	"readln"
4 8	separator 	"("
4 9	identifier	"m"
4 10	separator 	")"
4 11	separator 	";"
5 2	key_word  	"write"
5 7	separator 	"("
5 8	identifier	"i"
5 9	separator 	")"
5 10	separator 	";"
6 1	key_word  	"end"
6 4	separator 	"."
