1 1	separator 	"["
1 2	separator 	"]"
1 3	separator 	"("
1 4	separator 	")"
1 5	separator 	".."
1 7	separator 	"."
